/// This file is auto-generated by Scribble and shouldn't be edited directly.
/// Use --disarm prior to make any changes.
pragma solidity 0.8.7;

/// Utility contract holding a stack counter
contract __scribble_ReentrancyUtils {
    event AssertionFailed(string message);

    event AssertionFailedData(int eventId, bytes encodingData);

    bool __scribble_out_of_contract = true;
}

///  #macro ownable(owner);
contract Ownable is __scribble_ReentrancyUtils {
    event OwnershipTransferred(address indexed from, address indexed to);

    struct vars1 {
        address old_0;
    }

    address public owner;

    modifier onlyOwner() {
        require(owner == msg.sender, "Ownable: message sender is not the current owner");
        _;
    }

    constructor() {
        transferOwnership(msg.sender);
    }

    function transferOwnership(address to) virtual public onlyOwner() {
        address from = owner;
        Ownable_owner_address_assign(to);
        emit OwnershipTransferred(from, to);
    }

    function Ownable_owner_address_assign(address ARG0) internal returns (address RET0) {
        vars1 memory _v;
        unchecked {
            _v.old_0 = owner;
        }
        owner = ARG0;
        RET0 = owner;
        unchecked {
            if (!(_v.old_0 == msg.sender)) {
                emit AssertionFailed("2: can only be updated by an owner");
                assert(false);
            }
        }
    }
}

/// #macro macro2();
contract Foo is __scribble_ReentrancyUtils {
    function foo(uint z, uint w) public {
        _original_Foo_foo(z, w);
        unchecked {
            if (!((z + w) > 0)) {
                emit AssertionFailed("3: dummy");
                assert(false);
            }
        }
    }

    function _original_Foo_foo(uint z, uint w) private {}
}

contract Test is Ownable {}