{
  "instrToOriginalMap": [
    [
      "174:1155:0",
      "98:497:0"
    ],
    [
      "344:20:0",
      "121:20:0"
    ],
    [
      "344:7:0",
      "121:7:0"
    ],
    [
      "197:69:0",
      "148:69:0"
    ],
    [
      "223:42:0",
      "174:42:0"
    ],
    [
      "224:20:0",
      "175:20:0"
    ],
    [
      "224:7:0",
      "175:7:0"
    ],
    [
      "246:18:0",
      "197:18:0"
    ],
    [
      "246:7:0",
      "197:7:0"
    ],
    [
      "506:60:0",
      "223:60:0"
    ],
    [
      "517:2:0",
      "234:2:0"
    ],
    [
      "520:46:0",
      "237:46:0"
    ],
    [
      "530:29:0",
      "247:29:0"
    ],
    [
      "530:29:0",
      "247:29:0"
    ],
    [
      "530:17:0",
      "247:17:0"
    ],
    [
      "548:10:0",
      "265:10:0"
    ],
    [
      "548:3:0",
      "265:3:0"
    ],
    [
      "371:129:0",
      "289:130:0"
    ],
    [
      "389:2:0",
      "307:2:0"
    ],
    [
      "392:108:0",
      "310:109:0"
    ],
    [
      "402:80:0",
      "320:80:0"
    ],
    [
      "402:80:0",
      "320:80:0"
    ],
    [
      "402:7:0",
      "320:7:0"
    ],
    [
      "410:19:0",
      "328:19:0"
    ],
    [
      "410:5:0",
      "328:5:0"
    ],
    [
      "419:10:0",
      "337:10:0"
    ],
    [
      "419:3:0",
      "337:3:0"
    ],
    [
      "431:50:0",
      "349:50:0"
    ],
    [
      "492:1:0",
      "411:1:0"
    ],
    [
      "572:190:0",
      "425:168:0"
    ],
    [
      "598:12:0",
      "451:12:0"
    ],
    [
      "599:10:0",
      "452:10:0"
    ],
    [
      "599:7:0",
      "452:7:0"
    ],
    [
      "626:11:0",
      "479:9:0"
    ],
    [
      "626:9:0",
      "479:9:0"
    ],
    [
      "638:124:0",
      "489:104:0"
    ],
    [
      "648:20:0",
      "499:20:0"
    ],
    [
      "648:12:0",
      "499:12:0"
    ],
    [
      "648:7:0",
      "499:7:0"
    ],
    [
      "663:5:0",
      "514:5:0"
    ],
    [
      "678:32:0",
      "530:10:0"
    ],
    [
      "678:32:0",
      "530:10:0"
    ],
    [
      "707:2:0",
      "538:2:0"
    ],
    [
      "720:35:0",
      "551:35:0"
    ],
    [
      "725:30:0",
      "556:30:0"
    ],
    [
      "725:20:0",
      "556:20:0"
    ],
    [
      "746:4:0",
      "577:4:0"
    ],
    [
      "752:2:0",
      "583:2:0"
    ],
    [
      "2090:424:0",
      "43:57:1"
    ],
    [
      "2459:53:0",
      "60:38:1"
    ],
    [
      "2485:16:0",
      "72:16:1"
    ],
    [
      "2486:6:0",
      "73:6:1"
    ],
    [
      "2486:4:0",
      "73:4:1"
    ],
    [
      "2494:6:0",
      "81:6:1"
    ],
    [
      "2494:4:0",
      "81:4:1"
    ],
    [
      "2510:2:0",
      "96:2:1"
    ],
    [
      "3254:27:0",
      "597:27:0"
    ],
    [
      "3271:7:0",
      "614:7:0"
    ],
    [
      "3271:7:0",
      "614:7:0"
    ],
    [
      "2216:14:0",
      [
        "108:22:3",
        "27:15:1"
      ]
    ],
    [
      "1049:25:0",
      [
        "154:37:2",
        "72:21:0"
      ]
    ]
  ],
  "otherInstrumentation": [
    "2155:23:0",
    "2732:22:0",
    "2851:33:0",
    "2939:8:0",
    "2959:113:0",
    "3134:110:0",
    "852:475:0",
    "977:12:0",
    "838:12:0",
    "999:12:0",
    "678:32:0",
    "1547:22:0",
    "1666:33:0",
    "1754:8:0",
    "1774:113:0",
    "1949:110:0",
    "862:15:0"
  ],
  "propertyMap": [
    {
      "id": 2,
      "contract": "Ownable",
      "filename": "test/multifile_samples/macros/base.sol",
      "propertySource": [
        "165:25:2",
        "72:21:0"
      ],
      "annotationSource": [
        "154:37:2",
        "72:21:0"
      ],
      "annotationText": "#if_updated old(_owner) == msg.sender",
      "target": "variable",
      "type": "if_updated",
      "targetName": "owner",
      "debugEventEncoding": [
        [
          "owner",
          [
            "169:6:2"
          ],
          "address"
        ]
      ],
      "message": "can only be updated by an owner",
      "instrumentationRanges": [
        "911:16:0",
        "941:16:0",
        "1094:72:0",
        "1184:81:0",
        "1045:266:0"
      ],
      "checkRanges": [
        "1049:25:0"
      ],
      "assertionRanges": [
        "1094:72:0",
        "1184:81:0",
        "1283:13:0"
      ]
    },
    {
      "id": 3,
      "contract": "Foo",
      "filename": "test/multifile_samples/macros/child.sol",
      "propertySource": [
        "120:9:3",
        "27:15:1"
      ],
      "annotationSource": [
        "108:22:3",
        "27:15:1"
      ],
      "annotationText": "#if_succeeds x + y > 0",
      "target": "function",
      "type": "if_succeeds",
      "targetName": "foo",
      "debugEventEncoding": [
        [
          "z",
          [
            "120:1:3"
          ],
          "uint256"
        ],
        [
          "w",
          [
            "124:1:3"
          ],
          "uint256"
        ]
      ],
      "message": "dummy",
      "instrumentationRanges": [
        "2250:68:0",
        "2336:55:0",
        "2212:225:0"
      ],
      "checkRanges": [
        "2216:14:0"
      ],
      "assertionRanges": [
        "2250:68:0",
        "2336:55:0",
        "2409:13:0"
      ]
    }
  ],
  "originalSourceList": [
    "test/multifile_samples/macros/base.sol",
    "test/multifile_samples/macros/child.sol",
    "test/multifile_samples/macros/macro1.scribble.yaml",
    "test/multifile_samples/macros/macro2.scribble.yaml"
  ],
  "instrSourceList": [
    "--"
  ],
  "scribbleVersion": "0.6.17"
}
