{
  "instrToOriginalMap": [
    [
      "164:110:0",
      "26:86:0"
    ],
    [
      "183:15:0",
      "42:6:0"
    ],
    [
      "183:4:0",
      "42:4:0"
    ],
    [
      "205:67:0",
      "52:58:0"
    ],
    [
      "217:2:0",
      "64:2:0"
    ],
    [
      "240:6:0",
      "87:6:0"
    ],
    [
      "241:4:0",
      "88:4:0"
    ],
    [
      "241:4:0",
      "88:4:0"
    ],
    [
      "247:25:0",
      "94:16:0"
    ],
    [
      "257:8:0",
      "98:8:0"
    ],
    [
      "264:1:0",
      "105:1:0"
    ],
    [
      "276:37:0",
      "105:25:2"
    ],
    [
      "295:15:0",
      "121:6:2"
    ],
    [
      "295:4:0",
      "121:4:2"
    ],
    [
      "445:421:0",
      "74:423:3"
    ],
    [
      "461:3:0",
      "90:7:3"
    ],
    [
      "461:3:0",
      "90:7:3"
    ],
    [
      "471:15:0",
      "163:6:3"
    ],
    [
      "471:3:0",
      "163:3:3"
    ],
    [
      "492:15:0",
      "172:9:3"
    ],
    [
      "492:3:0",
      "172:6:3"
    ],
    [
      "513:15:0",
      "184:10:3"
    ],
    [
      "513:3:0",
      "184:7:3"
    ],
    [
      "535:75:0",
      "198:70:3"
    ],
    [
      "547:2:0",
      "210:2:3"
    ],
    [
      "570:6:0",
      "233:6:3"
    ],
    [
      "571:4:0",
      "234:4:3"
    ],
    [
      "571:4:0",
      "234:4:3"
    ],
    [
      "577:33:0",
      "240:28:3"
    ],
    [
      "587:16:0",
      "244:20:3"
    ],
    [
      "594:9:0",
      "251:13:3"
    ],
    [
      "594:7:0",
      "251:11:3"
    ],
    [
      "616:248:0",
      "271:224:3"
    ],
    [
      "629:2:0",
      "284:2:3"
    ],
    [
      "639:225:0",
      "294:201:3"
    ],
    [
      "649:17:0",
      "298:17:3"
    ],
    [
      "649:5:0",
      "298:5:3"
    ],
    [
      "649:3:0",
      "298:3:3"
    ],
    [
      "657:9:0",
      "306:9:3"
    ],
    [
      "657:7:0",
      "306:7:3"
    ],
    [
      "661:3:0",
      "310:3:3"
    ],
    [
      "676:17:0",
      "319:23:3"
    ],
    [
      "676:5:0",
      "319:8:3"
    ],
    [
      "676:3:0",
      "319:6:3"
    ],
    [
      "684:9:0",
      "330:12:3"
    ],
    [
      "684:7:0",
      "330:10:3"
    ],
    [
      "688:3:0",
      "334:6:3"
    ],
    [
      "703:17:0",
      "346:25:3"
    ],
    [
      "703:5:0",
      "346:9:3"
    ],
    [
      "703:3:0",
      "346:7:3"
    ],
    [
      "711:9:0",
      "358:13:3"
    ],
    [
      "711:7:0",
      "358:11:3"
    ],
    [
      "715:3:0",
      "362:7:3"
    ],
    [
      "730:17:0",
      "376:23:3"
    ],
    [
      "730:5:0",
      "376:8:3"
    ],
    [
      "730:3:0",
      "376:6:3"
    ],
    [
      "738:9:0",
      "387:12:3"
    ],
    [
      "738:7:0",
      "387:10:3"
    ],
    [
      "742:3:0",
      "391:6:3"
    ],
    [
      "757:51:0",
      "404:46:3"
    ],
    [
      "757:41:0",
      "404:32:3"
    ],
    [
      "757:39:0",
      "404:32:3"
    ],
    [
      "765:2:0",
      "412:2:3"
    ],
    [
      "790:6:0",
      "428:6:3"
    ],
    [
      "791:4:0",
      "429:4:3"
    ],
    [
      "791:4:0",
      "429:4:3"
    ],
    [
      "801:7:0",
      "439:11:3"
    ],
    [
      "818:14:0",
      "454:18:3"
    ],
    [
      "818:6:0",
      "454:6:3"
    ],
    [
      "818:4:0",
      "454:4:3"
    ],
    [
      "827:5:0",
      "463:9:3"
    ],
    [
      "842:15:0",
      "476:15:3"
    ],
    [
      "842:7:0",
      "476:7:3"
    ],
    [
      "842:4:0",
      "476:4:3"
    ],
    [
      "852:5:0",
      "486:5:3"
    ],
    [
      "852:3:0",
      "486:3:3"
    ]
  ],
  "otherInstrumentation": [
    "402:38:0"
  ],
  "propertyMap": [],
  "originalSourceList": [
    "test/multifile_samples/reexported_imports_05/imp1.sol",
    "test/multifile_samples/reexported_imports_05/imp2.sol",
    "test/multifile_samples/reexported_imports_05/imp3.sol",
    "test/multifile_samples/reexported_imports_05/main.sol"
  ],
  "instrSourceList": [
    "--"
  ]
}