{
  "instrToOriginalMap": [
    [
      "188:19:0",
      "0:19:0"
    ],
    [
      "188:4:0",
      "0:4:0"
    ],
    [
      "206:1:0",
      "18:1:0"
    ],
    [
      "146:40:0",
      "22:40:0"
    ],
    [
      "165:6:0",
      "41:6:0"
    ],
    [
      "165:4:0",
      "41:4:0"
    ],
    [
      "177:6:0",
      "53:6:0"
    ],
    [
      "177:4:0",
      "53:4:0"
    ],
    [
      "210:74:0",
      "64:74:0"
    ],
    [
      "222:16:0",
      "76:16:0"
    ],
    [
      "223:14:0",
      "77:14:0"
    ],
    [
      "223:5:0",
      "77:5:0"
    ],
    [
      "223:5:0",
      "77:5:0"
    ],
    [
      "252:6:0",
      "106:6:0"
    ],
    [
      "253:4:0",
      "107:4:0"
    ],
    [
      "253:4:0",
      "107:4:0"
    ],
    [
      "259:25:0",
      "113:25:0"
    ],
    [
      "265:16:0",
      "119:16:0"
    ],
    [
      "272:9:0",
      "126:9:0"
    ],
    [
      "272:3:0",
      "126:3:0"
    ],
    [
      "272:1:0",
      "126:1:0"
    ],
    [
      "278:3:0",
      "132:3:0"
    ],
    [
      "278:1:0",
      "132:1:0"
    ],
    [
      "312:3191:0",
      "68:278:1"
    ],
    [
      "519:17:0",
      "124:8:1"
    ],
    [
      "519:4:0",
      "124:4:1"
    ],
    [
      "1222:964:0",
      "169:175:1"
    ],
    [
      "1250:17:0",
      "182:17:1"
    ],
    [
      "1251:15:0",
      "183:15:1"
    ],
    [
      "1251:6:0",
      "183:6:1"
    ],
    [
      "1251:4:0",
      "183:4:1"
    ],
    [
      "1276:910:0",
      "207:137:1"
    ],
    [
      "1781:399:0",
      "259:82:1"
    ],
    [
      "1786:10:0",
      "264:10:1"
    ],
    [
      "1786:6:0",
      "264:6:1"
    ],
    [
      "1786:4:0",
      "264:4:1"
    ],
    [
      "1795:1:0",
      "273:1:1"
    ],
    [
      "1798:12:0",
      "276:12:1"
    ],
    [
      "1798:1:0",
      "276:1:1"
    ],
    [
      "1802:8:0",
      "280:8:1"
    ],
    [
      "1802:1:0",
      "280:1:1"
    ],
    [
      "1812:3:0",
      "290:3:1"
    ],
    [
      "1812:3:0",
      "290:3:1"
    ],
    [
      "1812:1:0",
      "290:1:1"
    ],
    [
      "1817:363:0",
      "295:46:1"
    ],
    [
      "2135:34:0",
      "325:11:1"
    ],
    [
      "2135:34:0",
      "325:11:1"
    ],
    [
      "2164:4:0",
      "332:4:1"
    ],
    [
      "2164:1:0",
      "332:1:1"
    ],
    [
      "2166:1:0",
      "334:1:1"
    ],
    [
      "4982:1754:0",
      "136:268:2"
    ],
    [
      "5000:4:0",
      "154:6:2"
    ],
    [
      "5000:4:0",
      "154:6:2"
    ],
    [
      "5481:658:0",
      "167:235:2"
    ],
    [
      "5511:8:0",
      "181:8:2"
    ],
    [
      "5512:6:0",
      "182:6:2"
    ],
    [
      "5512:4:0",
      "182:4:2"
    ],
    [
      "5528:611:0",
      "197:205:2"
    ],
    [
      "5867:3:0",
      "283:3:2"
    ],
    [
      "5867:3:0",
      "283:3:2"
    ],
    [
      "5867:1:0",
      "283:1:2"
    ],
    [
      "5880:14:0",
      "297:16:2"
    ],
    [
      "5880:14:0",
      "297:16:2"
    ],
    [
      "5880:5:0",
      "297:7:2"
    ],
    [
      "5880:5:0",
      "297:7:2"
    ],
    [
      "5904:7:0",
      "323:7:2"
    ],
    [
      "5904:7:0",
      "323:7:2"
    ],
    [
      "5904:3:0",
      "323:3:2"
    ],
    [
      "5904:1:0",
      "323:1:2"
    ],
    [
      "5910:1:0",
      "329:1:2"
    ],
    [
      "5921:7:0",
      "340:7:2"
    ],
    [
      "5921:7:0",
      "340:7:2"
    ],
    [
      "5921:3:0",
      "340:3:2"
    ],
    [
      "5921:1:0",
      "340:1:2"
    ],
    [
      "5927:1:0",
      "346:1:2"
    ],
    [
      "6129:3:0",
      "392:3:2"
    ],
    [
      "6129:3:0",
      "392:3:2"
    ],
    [
      "6129:1:0",
      "392:1:2"
    ],
    [
      "2357:12:0",
      "47:20:1"
    ],
    [
      "810:16:0",
      "141:26:1"
    ],
    [
      "1529:14:0",
      "216:39:1"
    ],
    [
      "1863:11:0",
      "305:16:1"
    ],
    [
      "5566:65:0",
      "212:62:2"
    ],
    [
      "5966:14:0",
      "362:21:2"
    ],
    [
      "3239:29:0",
      "90:32:1"
    ]
  ],
  "otherInstrumentation": [
    "3721:22:0",
    "3840:33:0",
    "3928:8:0",
    "3948:113:0",
    "4123:110:0",
    "2754:49:0",
    "2840:42:0",
    "2892:35:0",
    "2937:43:0",
    "750:22:0",
    "616:72:0",
    "698:42:0",
    "1057:72:0",
    "1139:70:0",
    "6439:50:0",
    "6499:49:0",
    "4460:22:0",
    "4579:33:0",
    "4667:8:0",
    "4687:113:0",
    "4862:110:0",
    "6585:43:0",
    "6638:35:0",
    "6683:44:0",
    "5281:24:0",
    "5145:73:0",
    "5228:43:0",
    "5315:72:0",
    "5397:71:0",
    "3077:424:0",
    "3170:11:0",
    "3063:12:0",
    "3191:10:0",
    "2135:34:0",
    "591:15:0",
    "5120:15:0",
    "1286:15:0",
    "3087:15:0"
  ],
  "propertyMap": [
    {
      "id": 0,
      "contract": "Base",
      "filename": "test/multifile_samples/asserts/B.sol",
      "propertySource": "57:9:1",
      "annotationSource": "47:20:1",
      "annotationText": "invariant sum < 200;",
      "target": "contract",
      "type": "invariant",
      "targetName": "Base",
      "debugEventEncoding": [
        [
          "sum",
          [
            "57:3:1"
          ],
          "uint256"
        ]
      ],
      "message": "",
      "instrumentationRanges": [
        "2389:67:0",
        "2474:63:0",
        "2353:230:0"
      ],
      "checkRanges": [
        "2357:12:0"
      ],
      "assertionRanges": [
        "2389:67:0",
        "2474:63:0",
        "2555:13:0"
      ]
    },
    {
      "id": 1,
      "contract": "Base",
      "filename": "test/multifile_samples/asserts/B.sol",
      "propertySource": "101:20:1",
      "annotationSource": "90:32:1",
      "annotationText": "if_updated sum - old(sum) > X+1;",
      "target": "variable",
      "type": "if_updated",
      "targetName": "sum",
      "debugEventEncoding": [
        [
          "sum",
          [
            "101:3:1",
            "111:3:1"
          ],
          "uint256"
        ],
        [
          "X",
          [
            "118:1:1"
          ],
          "uint256"
        ]
      ],
      "message": "",
      "instrumentationRanges": [
        "3136:14:0",
        "3288:70:0",
        "3376:63:0",
        "3235:250:0"
      ],
      "checkRanges": [
        "3239:29:0"
      ],
      "assertionRanges": [
        "3288:70:0",
        "3376:63:0",
        "3457:13:0"
      ]
    },
    {
      "id": 2,
      "contract": "Base",
      "filename": "test/multifile_samples/asserts/B.sol",
      "propertySource": "153:13:1",
      "annotationSource": "141:26:1",
      "annotationText": "if_succeeds n.length < 10;",
      "target": "function",
      "type": "if_succeeds",
      "targetName": "main",
      "debugEventEncoding": [
        [
          "n",
          [
            "153:1:1"
          ],
          "uint256[]"
        ]
      ],
      "message": "",
      "instrumentationRanges": [
        "846:65:0",
        "929:63:0",
        "806:232:0"
      ],
      "checkRanges": [
        "810:16:0"
      ],
      "assertionRanges": [
        "846:65:0",
        "929:63:0",
        "1010:13:0"
      ]
    },
    {
      "id": 3,
      "contract": "Base",
      "filename": "test/multifile_samples/asserts/B.sol",
      "propertySource": "223:31:1",
      "annotationSource": "216:39:1",
      "annotationText": "assert forall (uint i in n) n[i] <= 50;",
      "target": "statement",
      "type": "assert",
      "targetName": "",
      "debugEventEncoding": [
        [
          "n",
          [
            "241:1:1",
            "244:1:1"
          ],
          "uint256[]"
        ],
        [
          "i",
          [
            "246:1:1"
          ],
          "uint256"
        ]
      ],
      "message": "",
      "instrumentationRanges": [
        "1335:18:0",
        "1367:145:0",
        "1428:28:0",
        "1474:23:0",
        "1563:72:0",
        "1653:63:0",
        "1525:237:0"
      ],
      "checkRanges": [
        "1529:14:0"
      ],
      "assertionRanges": [
        "1563:72:0",
        "1653:63:0",
        "1734:13:0"
      ]
    },
    {
      "id": 4,
      "contract": "Base",
      "filename": "test/multifile_samples/asserts/B.sol",
      "propertySource": "312:8:1",
      "annotationSource": "305:16:1",
      "annotationText": "assert n[i] > X;",
      "target": "statement",
      "type": "assert",
      "targetName": "",
      "debugEventEncoding": [
        [
          "n",
          [
            "312:1:1"
          ],
          "uint256[]"
        ],
        [
          "i",
          [
            "314:1:1"
          ],
          "uint256"
        ],
        [
          "X",
          [
            "319:1:1"
          ],
          "uint256"
        ]
      ],
      "message": "",
      "instrumentationRanges": [
        "1898:71:0",
        "1991:63:0",
        "1859:249:0"
      ],
      "checkRanges": [
        "1863:11:0"
      ],
      "assertionRanges": [
        "1898:71:0",
        "1991:63:0",
        "2076:13:0"
      ]
    },
    {
      "id": 5,
      "contract": "Child",
      "filename": "test/multifile_samples/asserts/C.sol",
      "propertySource": "219:54:2",
      "annotationSource": "212:62:2",
      "annotationText": "assert XA == 2 && XB == 2 && A.X == 2 && B.X == 2 && t == B.X;",
      "target": "statement",
      "type": "assert",
      "targetName": "",
      "debugEventEncoding": [
        [
          "XA",
          [
            "219:2:2",
            "230:2:2"
          ],
          "uint256"
        ],
        [
          "t",
          [
            "265:1:2"
          ],
          "uint256"
        ]
      ],
      "message": "",
      "instrumentationRanges": [
        "5651:69:0",
        "5738:64:0",
        "5562:286:0"
      ],
      "checkRanges": [
        "5566:65:0"
      ],
      "assertionRanges": [
        "5651:69:0",
        "5738:64:0",
        "5820:13:0"
      ]
    },
    {
      "id": 6,
      "contract": "Child",
      "filename": "test/multifile_samples/asserts/C.sol",
      "propertySource": "369:13:2",
      "annotationSource": "362:21:2",
      "annotationText": "assert B.foo(p) == 3;",
      "target": "statement",
      "type": "assert",
      "targetName": "",
      "debugEventEncoding": [],
      "message": "",
      "instrumentationRanges": [
        "6000:64:0",
        "5962:148:0"
      ],
      "checkRanges": [
        "5966:14:0"
      ],
      "assertionRanges": [
        "6000:64:0",
        "6082:13:0"
      ]
    }
  ],
  "originalSourceList": [
    "test/multifile_samples/asserts/A.sol",
    "test/multifile_samples/asserts/B.sol",
    "test/multifile_samples/asserts/C.sol"
  ],
  "instrSourceList": [
    "--"
  ],
  "scribbleVersion": "0.6.17"
}