{
  "instrToOriginalMap": [
    [
      "223:33:0",
      "27:33:1"
    ],
    [
      "244:9:0",
      "48:9:1"
    ],
    [
      "244:7:0",
      "48:7:1"
    ],
    [
      "147:22:0",
      "27:22:2"
    ],
    [
      "160:1:0",
      "40:1:2"
    ],
    [
      "163:1:0",
      "43:1:2"
    ],
    [
      "166:1:0",
      "46:1:2"
    ],
    [
      "171:22:0",
      "51:22:2"
    ],
    [
      "184:1:0",
      "64:1:2"
    ],
    [
      "187:1:0",
      "67:1:2"
    ],
    [
      "190:1:0",
      "70:1:2"
    ],
    [
      "195:26:0",
      "75:24:2"
    ],
    [
      "212:1:0",
      "90:1:2"
    ],
    [
      "215:1:0",
      "93:1:2"
    ],
    [
      "218:1:0",
      "96:1:2"
    ],
    [
      "258:16:0",
      "166:16:0"
    ],
    [
      "406:121:0",
      "48:83:3"
    ],
    [
      "422:4:0",
      "64:4:3"
    ],
    [
      "422:4:0",
      "64:4:3"
    ],
    [
      "433:18:0",
      "75:9:3"
    ],
    [
      "433:7:0",
      "75:7:3"
    ],
    [
      "457:17:0",
      "90:8:3"
    ],
    [
      "457:5:0",
      "90:5:3"
    ],
    [
      "480:17:0",
      "104:10:3"
    ],
    [
      "480:5:0",
      "104:7:3"
    ],
    [
      "503:21:0",
      "120:8:3"
    ],
    [
      "503:9:0",
      "120:5:3"
    ]
  ],
  "otherInstrumentation": [
    "363:38:0"
  ],
  "propertyMap": [],
  "originalSourceList": [
    "test/multifile_samples/import_rewrites/imp1.sol",
    "test/multifile_samples/import_rewrites/imp2.sol",
    "test/multifile_samples/import_rewrites/imp3.sol",
    "test/multifile_samples/import_rewrites/main.sol"
  ],
  "instrSourceList": [
    "--"
  ]
}