{
  "instrToOriginalMap": [
    [
      "420:749:0",
      "60:31:0"
    ],
    [
      "470:19:0",
      "80:8:0"
    ],
    [
      "470:4:0",
      "80:4:0"
    ],
    [
      "488:1:0",
      "87:1:0"
    ],
    [
      "1171:1369:0",
      "59:133:1"
    ],
    [
      "1218:4:0",
      "78:4:1"
    ],
    [
      "1218:4:0",
      "78:4:1"
    ],
    [
      "1885:69:0",
      "139:51:1"
    ],
    [
      "1914:8:0",
      "151:8:1"
    ],
    [
      "1915:6:0",
      "152:6:1"
    ],
    [
      "1915:4:0",
      "152:4:1"
    ],
    [
      "1931:23:0",
      "167:23:1"
    ],
    [
      "1941:6:0",
      "177:6:1"
    ],
    [
      "1941:6:0",
      "177:6:1"
    ],
    [
      "1941:1:0",
      "177:1:1"
    ],
    [
      "1946:1:0",
      "182:1:1"
    ],
    [
      "2542:1362:0",
      "59:134:2"
    ],
    [
      "2589:4:0",
      "78:4:2"
    ],
    [
      "2589:4:0",
      "78:4:2"
    ],
    [
      "3252:66:0",
      "138:48:2"
    ],
    [
      "3284:2:0",
      "153:2:2"
    ],
    [
      "3295:23:0",
      "163:23:2"
    ],
    [
      "3305:6:0",
      "173:6:2"
    ],
    [
      "3305:6:0",
      "173:6:2"
    ],
    [
      "3305:1:0",
      "173:1:2"
    ],
    [
      "3310:1:0",
      "178:1:2"
    ],
    [
      "637:8:0",
      "31:28:0"
    ],
    [
      "1557:22:0",
      "94:40:1"
    ],
    [
      "2927:22:0",
      "94:39:2"
    ]
  ],
  "otherInstrumentation": [
    "343:38:0",
    "945:49:0",
    "1038:34:0",
    "1082:35:0",
    "1127:33:0",
    "2255:51:0",
    "2316:49:0",
    "2409:34:0",
    "2453:35:0",
    "2498:33:0",
    "1520:23:0",
    "1384:60:0",
    "1454:34:0",
    "1730:72:0",
    "1812:60:0",
    "3619:51:0",
    "3680:49:0",
    "3773:34:0",
    "3817:35:0",
    "3862:33:0",
    "2888:25:0",
    "2752:60:0",
    "2822:34:0",
    "3097:72:0",
    "3179:60:0",
    "1359:15:0",
    "2727:15:0"
  ],
  "propertyMap": [
    {
      "id": 0,
      "contract": "Base",
      "filename": "test/multifile_samples/proj1/base.sol",
      "propertySource": "53:5:0",
      "annotationSource": "31:28:0",
      "annotationText": "invariant {:msg \"P0\"} x > 0;",
      "target": "contract",
      "type": "invariant",
      "targetName": "Base",
      "debugEventEncoding": [
        [
          "x",
          [
            "53:1:0"
          ],
          "uint256"
        ]
      ],
      "message": "P0",
      "instrumentationRanges": [
        "704:42:0",
        "661:29:0",
        "633:151:0"
      ],
      "checkRanges": [
        "637:8:0"
      ],
      "assertionRanges": [
        "661:29:0",
        "704:42:0",
        "760:13:0"
      ]
    },
    {
      "id": 1,
      "contract": "Child1",
      "filename": "test/multifile_samples/proj1/child1.sol",
      "propertySource": "118:15:1",
      "annotationSource": "94:40:1",
      "annotationText": "if_succeeds {:msg \"P1\"} x == old(x) + y;",
      "target": "function",
      "type": "if_succeeds",
      "targetName": "add",
      "debugEventEncoding": [
        [
          "x",
          [
            "118:1:1",
            "127:1:1"
          ],
          "uint256"
        ],
        [
          "y",
          [
            "132:1:1"
          ],
          "uint256"
        ]
      ],
      "message": "P1",
      "instrumentationRanges": [
        "1498:12:0",
        "1638:45:0",
        "1595:29:0",
        "1553:168:0"
      ],
      "checkRanges": [
        "1557:22:0"
      ],
      "assertionRanges": [
        "1595:29:0",
        "1638:45:0",
        "1697:13:0"
      ]
    },
    {
      "id": 2,
      "contract": "Child2",
      "filename": "test/multifile_samples/proj1/child2.sol",
      "propertySource": "118:14:2",
      "annotationSource": "94:39:2",
      "annotationText": "if_succeeds {:msg \"P2\"} x == 2* old(x);",
      "target": "function",
      "type": "if_succeeds",
      "targetName": "double",
      "debugEventEncoding": [
        [
          "x",
          [
            "118:1:2",
            "130:1:2"
          ],
          "uint256"
        ]
      ],
      "message": "P2",
      "instrumentationRanges": [
        "2866:12:0",
        "3008:42:0",
        "2965:29:0",
        "2923:165:0"
      ],
      "checkRanges": [
        "2927:22:0"
      ],
      "assertionRanges": [
        "2965:29:0",
        "3008:42:0",
        "3064:13:0"
      ]
    }
  ],
  "originalSourceList": [
    "test/multifile_samples/proj1/base.sol",
    "test/multifile_samples/proj1/child1.sol",
    "test/multifile_samples/proj1/child2.sol"
  ],
  "instrSourceList": [
    "--"
  ]
}
