{
  "instrToOriginalMap": [
    [
      "146:661:0",
      "24:715:0"
    ],
    [
      "282:34:0",
      "62:23:0"
    ],
    [
      "322:23:0",
      "120:34:0"
    ],
    [
      "351:18:0",
      "161:9:0"
    ],
    [
      "351:6:0",
      "161:6:0"
    ],
    [
      "375:48:0",
      "195:44:0"
    ],
    [
      "429:38:0",
      "273:26:0"
    ],
    [
      "473:34:0",
      "346:26:0"
    ],
    [
      "473:23:0",
      "346:24:0"
    ],
    [
      "473:21:0",
      "346:22:0"
    ],
    [
      "481:4:0",
      "355:4:0"
    ],
    [
      "489:4:0",
      "363:4:0"
    ],
    [
      "513:36:0",
      "417:26:0"
    ],
    [
      "513:25:0",
      "417:24:0"
    ],
    [
      "555:47:0",
      "483:44:0"
    ],
    [
      "608:48:0",
      "566:44:0"
    ],
    [
      "608:37:0",
      "566:42:0"
    ],
    [
      "616:6:0",
      "575:6:0"
    ],
    [
      "166:69:0",
      "617:68:0"
    ],
    [
      "186:24:0",
      "637:23:0"
    ],
    [
      "220:8:0",
      "670:8:0"
    ],
    [
      "220:4:0",
      "670:4:0"
    ],
    [
      "241:35:0",
      "691:35:0"
    ],
    [
      "261:8:0",
      "711:8:0"
    ],
    [
      "261:4:0",
      "711:4:0"
    ],
    [
      "261:2:0",
      "711:2:0"
    ],
    [
      "261:2:0",
      "711:2:0"
    ],
    [
      "662:13:0",
      "732:4:0"
    ],
    [
      "662:2:0",
      "732:2:0"
    ],
    [
      "662:2:0",
      "732:2:0"
    ],
    [
      "10125:10375:0",
      "45:1840:1"
    ],
    [
      "10141:4:0",
      "61:4:1"
    ],
    [
      "10141:4:0",
      "61:4:1"
    ],
    [
      "11847:111:0",
      "123:70:1"
    ],
    [
      "11874:20:0",
      "136:20:1"
    ],
    [
      "11875:8:0",
      "137:8:1"
    ],
    [
      "11875:4:0",
      "137:4:1"
    ],
    [
      "11885:8:0",
      "147:8:1"
    ],
    [
      "11885:4:0",
      "147:4:1"
    ],
    [
      "11903:55:0",
      "164:29:1"
    ],
    [
      "11913:38:0",
      "174:12:1"
    ],
    [
      "11913:38:0",
      "174:12:1"
    ],
    [
      "11939:1:0",
      "174:1:1"
    ],
    [
      "11942:3:0",
      "176:3:1"
    ],
    [
      "11947:3:0",
      "183:3:1"
    ],
    [
      "12581:96:0",
      "250:56:1"
    ],
    [
      "12608:10:0",
      "263:10:1"
    ],
    [
      "12609:8:0",
      "264:8:1"
    ],
    [
      "12609:4:0",
      "264:4:1"
    ],
    [
      "12627:50:0",
      "281:25:1"
    ],
    [
      "12637:33:0",
      "291:8:1"
    ],
    [
      "12637:33:0",
      "291:8:1"
    ],
    [
      "12663:1:0",
      "291:1:1"
    ],
    [
      "12666:3:0",
      "293:3:1"
    ],
    [
      "13320:111:0",
      "374:72:1"
    ],
    [
      "13347:26:0",
      "387:26:1"
    ],
    [
      "13348:15:0",
      "388:15:1"
    ],
    [
      "13348:6:0",
      "388:6:1"
    ],
    [
      "13365:7:0",
      "405:7:1"
    ],
    [
      "13365:5:0",
      "405:5:1"
    ],
    [
      "13382:49:0",
      "421:25:1"
    ],
    [
      "13392:32:0",
      "431:8:1"
    ],
    [
      "13392:32:0",
      "431:8:1"
    ],
    [
      "13415:2:0",
      "431:1:1"
    ],
    [
      "13419:1:0",
      "433:1:1"
    ],
    [
      "13422:1:0",
      "438:1:1"
    ],
    [
      "14483:164:0",
      "541:83:1"
    ],
    [
      "14510:34:0",
      "554:34:1"
    ],
    [
      "14511:15:0",
      "555:15:1"
    ],
    [
      "14511:6:0",
      "555:6:1"
    ],
    [
      "14528:7:0",
      "572:7:1"
    ],
    [
      "14528:5:0",
      "572:5:1"
    ],
    [
      "14537:6:0",
      "581:6:1"
    ],
    [
      "14537:4:0",
      "581:4:1"
    ],
    [
      "14553:94:0",
      "596:28:1"
    ],
    [
      "14563:77:0",
      "606:11:1"
    ],
    [
      "14563:77:0",
      "606:11:1"
    ],
    [
      "14584:49:0",
      "606:4:1"
    ],
    [
      "14628:1:0",
      "606:1:1"
    ],
    [
      "14631:1:0",
      "608:1:1"
    ],
    [
      "14635:1:0",
      "611:1:1"
    ],
    [
      "14638:1:0",
      "616:1:1"
    ],
    [
      "15297:116:0",
      "689:71:1"
    ],
    [
      "15324:25:0",
      "702:25:1"
    ],
    [
      "15325:6:0",
      "703:6:1"
    ],
    [
      "15325:4:0",
      "703:4:1"
    ],
    [
      "15333:15:0",
      "711:15:1"
    ],
    [
      "15333:6:0",
      "711:6:1"
    ],
    [
      "15333:4:0",
      "711:4:1"
    ],
    [
      "15358:55:0",
      "735:25:1"
    ],
    [
      "15368:38:0",
      "745:8:1"
    ],
    [
      "15368:38:0",
      "745:8:1"
    ],
    [
      "15398:1:0",
      "745:1:1"
    ],
    [
      "15401:1:0",
      "747:1:1"
    ],
    [
      "15404:1:0",
      "752:1:1"
    ],
    [
      "15419:49:0",
      "766:49:1"
    ],
    [
      "15433:2:0",
      "780:2:1"
    ],
    [
      "15443:25:0",
      "790:25:1"
    ],
    [
      "15453:8:0",
      "800:8:1"
    ],
    [
      "15453:8:0",
      "800:8:1"
    ],
    [
      "15453:6:0",
      "800:6:1"
    ],
    [
      "15453:1:0",
      "800:1:1"
    ],
    [
      "16041:88:0",
      "875:73:1"
    ],
    [
      "16068:24:0",
      "888:24:1"
    ],
    [
      "16069:6:0",
      "889:6:1"
    ],
    [
      "16069:4:0",
      "889:4:1"
    ],
    [
      "16077:6:0",
      "897:6:1"
    ],
    [
      "16077:4:0",
      "897:4:1"
    ],
    [
      "16085:6:0",
      "905:6:1"
    ],
    [
      "16085:4:0",
      "905:4:1"
    ],
    [
      "16101:28:0",
      "920:28:1"
    ],
    [
      "16111:11:0",
      "930:11:1"
    ],
    [
      "16111:11:0",
      "930:11:1"
    ],
    [
      "16111:7:0",
      "930:7:1"
    ],
    [
      "16111:4:0",
      "930:4:1"
    ],
    [
      "16111:1:0",
      "930:1:1"
    ],
    [
      "16113:1:0",
      "932:1:1"
    ],
    [
      "16116:1:0",
      "935:1:1"
    ],
    [
      "16121:1:0",
      "940:1:1"
    ],
    [
      "16135:49:0",
      "954:49:1"
    ],
    [
      "16149:2:0",
      "968:2:1"
    ],
    [
      "16159:25:0",
      "978:25:1"
    ],
    [
      "16169:8:0",
      "988:8:1"
    ],
    [
      "16169:8:0",
      "988:8:1"
    ],
    [
      "16169:6:0",
      "988:6:1"
    ],
    [
      "16169:1:0",
      "988:1:1"
    ],
    [
      "16837:114:0",
      "1067:73:1"
    ],
    [
      "16864:24:0",
      "1080:24:1"
    ],
    [
      "16865:6:0",
      "1081:6:1"
    ],
    [
      "16865:4:0",
      "1081:4:1"
    ],
    [
      "16873:6:0",
      "1089:6:1"
    ],
    [
      "16873:4:0",
      "1089:4:1"
    ],
    [
      "16881:6:0",
      "1097:6:1"
    ],
    [
      "16881:4:0",
      "1097:4:1"
    ],
    [
      "16897:54:0",
      "1112:28:1"
    ],
    [
      "16907:37:0",
      "1122:11:1"
    ],
    [
      "16907:37:0",
      "1122:11:1"
    ],
    [
      "16933:4:0",
      "1122:4:1"
    ],
    [
      "16933:1:0",
      "1122:1:1"
    ],
    [
      "16935:1:0",
      "1124:1:1"
    ],
    [
      "16939:1:0",
      "1127:1:1"
    ],
    [
      "16942:1:0",
      "1132:1:1"
    ],
    [
      "17618:142:0",
      "1210:83:1"
    ],
    [
      "17645:34:0",
      "1223:34:1"
    ],
    [
      "17646:15:0",
      "1224:15:1"
    ],
    [
      "17646:6:0",
      "1224:6:1"
    ],
    [
      "17663:7:0",
      "1241:7:1"
    ],
    [
      "17663:5:0",
      "1241:5:1"
    ],
    [
      "17672:6:0",
      "1250:6:1"
    ],
    [
      "17672:4:0",
      "1250:4:1"
    ],
    [
      "17688:72:0",
      "1265:28:1"
    ],
    [
      "17698:55:0",
      "1275:11:1"
    ],
    [
      "17698:55:0",
      "1275:11:1"
    ],
    [
      "17698:51:0",
      "1275:7:1"
    ],
    [
      "17698:48:0",
      "1275:4:1"
    ],
    [
      "17741:1:0",
      "1275:1:1"
    ],
    [
      "17744:1:0",
      "1277:1:1"
    ],
    [
      "17747:1:0",
      "1280:1:1"
    ],
    [
      "17752:1:0",
      "1285:1:1"
    ],
    [
      "18418:119:0",
      "1358:83:1"
    ],
    [
      "18445:34:0",
      "1371:34:1"
    ],
    [
      "18446:15:0",
      "1372:15:1"
    ],
    [
      "18446:6:0",
      "1372:6:1"
    ],
    [
      "18463:7:0",
      "1389:7:1"
    ],
    [
      "18463:5:0",
      "1389:5:1"
    ],
    [
      "18472:6:0",
      "1398:6:1"
    ],
    [
      "18472:4:0",
      "1398:4:1"
    ],
    [
      "18488:49:0",
      "1413:28:1"
    ],
    [
      "18498:32:0",
      "1423:11:1"
    ],
    [
      "18498:32:0",
      "1423:11:1"
    ],
    [
      "18519:4:0",
      "1423:4:1"
    ],
    [
      "18519:1:0",
      "1423:1:1"
    ],
    [
      "18521:1:0",
      "1425:1:1"
    ],
    [
      "18525:1:0",
      "1428:1:1"
    ],
    [
      "18528:1:0",
      "1433:1:1"
    ],
    [
      "18543:53:0",
      "1447:53:1"
    ],
    [
      "18557:2:0",
      "1461:2:1"
    ],
    [
      "18567:29:0",
      "1471:29:1"
    ],
    [
      "18577:12:0",
      "1481:12:1"
    ],
    [
      "18577:12:0",
      "1481:12:1"
    ],
    [
      "18577:10:0",
      "1481:10:1"
    ],
    [
      "18577:5:0",
      "1481:5:1"
    ],
    [
      "18577:1:0",
      "1481:1:1"
    ],
    [
      "19295:132:0",
      "1589:92:1"
    ],
    [
      "19322:35:0",
      "1602:35:1"
    ],
    [
      "19323:8:0",
      "1603:8:1"
    ],
    [
      "19323:4:0",
      "1603:4:1"
    ],
    [
      "19333:15:0",
      "1613:15:1"
    ],
    [
      "19333:6:0",
      "1613:6:1"
    ],
    [
      "19350:6:0",
      "1630:6:1"
    ],
    [
      "19350:4:0",
      "1630:4:1"
    ],
    [
      "19366:61:0",
      "1645:36:1"
    ],
    [
      "19376:44:0",
      "1655:19:1"
    ],
    [
      "19376:44:0",
      "1655:19:1"
    ],
    [
      "19401:12:0",
      "1655:12:1"
    ],
    [
      "19401:10:0",
      "1655:10:1"
    ],
    [
      "19401:5:0",
      "1655:5:1"
    ],
    [
      "19401:1:0",
      "1655:1:1"
    ],
    [
      "19407:3:0",
      "1661:3:1"
    ],
    [
      "19415:1:0",
      "1668:1:1"
    ],
    [
      "19418:1:0",
      "1673:1:1"
    ],
    [
      "20365:133:0",
      "1790:93:1"
    ],
    [
      "20393:35:0",
      "1804:35:1"
    ],
    [
      "20394:8:0",
      "1805:8:1"
    ],
    [
      "20394:4:0",
      "1805:4:1"
    ],
    [
      "20404:15:0",
      "1815:15:1"
    ],
    [
      "20404:6:0",
      "1815:6:1"
    ],
    [
      "20421:6:0",
      "1832:6:1"
    ],
    [
      "20421:4:0",
      "1832:4:1"
    ],
    [
      "20437:61:0",
      "1847:36:1"
    ],
    [
      "20447:44:0",
      "1857:19:1"
    ],
    [
      "20447:44:0",
      "1857:19:1"
    ],
    [
      "20472:12:0",
      "1857:12:1"
    ],
    [
      "20472:10:0",
      "1857:10:1"
    ],
    [
      "20472:5:0",
      "1857:5:1"
    ],
    [
      "20472:1:0",
      "1857:1:1"
    ],
    [
      "20478:3:0",
      "1863:3:1"
    ],
    [
      "20486:1:0",
      "1870:1:1"
    ],
    [
      "20489:1:0",
      "1875:1:1"
    ],
    [
      "11616:14:0",
      "77:41:1"
    ],
    [
      "12350:14:0",
      "204:41:1"
    ],
    [
      "13089:14:0",
      "317:52:1"
    ],
    [
      "14245:14:0",
      "457:79:1"
    ],
    [
      "15066:14:0",
      "635:49:1"
    ],
    [
      "15810:14:0",
      "825:45:1"
    ],
    [
      "16603:14:0",
      "1014:48:1"
    ],
    [
      "17387:14:0",
      "1151:54:1"
    ],
    [
      "18184:14:0",
      "1304:49:1"
    ],
    [
      "19058:15:0",
      "1511:73:1"
    ],
    [
      "20123:15:0",
      "1692:93:1"
    ]
  ],
  "otherInstrumentation": [
    "1053:233:0",
    "1351:317:0",
    "1759:182:0",
    "1750:7:0",
    "1890:6:0",
    "19376:24:0",
    "20447:24:0",
    "2290:233:0",
    "2580:308:0",
    "2965:182:0",
    "2959:4:0",
    "3096:6:0",
    "14563:20:0",
    "3502:233:0",
    "3794:310:0",
    "4189:182:0",
    "4180:7:0",
    "4320:6:0",
    "16907:25:0",
    "18498:20:0",
    "11913:25:0",
    "4447:76:0",
    "4434:11:0",
    "12637:25:0",
    "4880:233:0",
    "5178:317:0",
    "5582:182:0",
    "5575:5:0",
    "5713:6:0",
    "13392:22:0",
    "6135:233:0",
    "6433:317:0",
    "7282:233:0",
    "7574:310:0",
    "7988:90:0",
    "7969:17:0",
    "8027:6:0",
    "15368:29:0",
    "8458:233:0",
    "8756:317:0",
    "6851:61:0",
    "6823:26:0",
    "6861:6:0",
    "14584:43:0",
    "9178:61:0",
    "9146:30:0",
    "9188:6:0",
    "17698:42:0",
    "748:57:0",
    "5845:37:0",
    "5838:5:0",
    "765:22:0",
    "735:11:0",
    "11291:28:0",
    "4600:37:0",
    "4591:7:0",
    "9603:22:0",
    "9722:33:0",
    "9810:8:0",
    "9830:113:0",
    "10005:110:0",
    "12030:23:0",
    "12765:24:0",
    "13527:27:0",
    "7014:37:0",
    "6986:26:0",
    "3219:37:0",
    "3213:4:0",
    "14734:24:0",
    "8165:37:0",
    "8146:17:0",
    "15554:27:0",
    "16270:27:0",
    "17047:27:0",
    "9345:37:0",
    "9313:30:0",
    "17856:27:0",
    "18693:29:0",
    "2024:37:0",
    "2015:7:0",
    "19526:30:0",
    "11266:15:0",
    "12005:15:0",
    "12740:15:0",
    "13502:15:0",
    "14709:15:0",
    "15529:15:0",
    "16245:15:0",
    "17022:15:0",
    "17831:15:0",
    "18668:15:0",
    "19500:16:0"
  ],
  "propertyMap": [
    {
      "id": 0,
      "contract": "Foo",
      "filename": "test/multifile_samples/forall_maps/child.sol",
      "propertySource": "89:28:1",
      "annotationSource": "77:41:1",
      "annotationText": "if_succeeds forall(uint k in a) a[k] > 1;",
      "target": "function",
      "type": "if_succeeds",
      "targetName": "setA",
      "debugEventEncoding": [
        [
          "k",
          [
            "111:1:1"
          ],
          "uint256"
        ]
      ],
      "message": "",
      "instrumentationRanges": [
        "11353:18:0",
        "11385:214:0",
        "11490:53:0",
        "11561:23:0",
        "11650:65:0",
        "11733:46:0",
        "11612:213:0"
      ],
      "checkRanges": [
        "11616:14:0"
      ],
      "assertionRanges": [
        "11650:65:0",
        "11733:46:0",
        "11797:13:0"
      ]
    },
    {
      "id": 1,
      "contract": "Foo",
      "filename": "test/multifile_samples/forall_maps/child.sol",
      "propertySource": "216:28:1",
      "annotationSource": "204:41:1",
      "annotationText": "if_succeeds forall(uint k in a) a[k] > 1;",
      "target": "function",
      "type": "if_succeeds",
      "targetName": "decA",
      "debugEventEncoding": [
        [
          "k",
          [
            "238:1:1"
          ],
          "uint256"
        ]
      ],
      "message": "",
      "instrumentationRanges": [
        "12087:18:0",
        "12119:214:0",
        "12224:53:0",
        "12295:23:0",
        "12384:65:0",
        "12467:46:0",
        "12346:213:0"
      ],
      "checkRanges": [
        "12350:14:0"
      ],
      "assertionRanges": [
        "12384:65:0",
        "12467:46:0",
        "12531:13:0"
      ]
    },
    {
      "id": 2,
      "contract": "Foo",
      "filename": "test/multifile_samples/forall_maps/child.sol",
      "propertySource": "329:39:1",
      "annotationSource": "317:52:1",
      "annotationText": "if_succeeds forall (string memory s in c) c[s] > -1;",
      "target": "function",
      "type": "if_succeeds",
      "targetName": "setC",
      "debugEventEncoding": [
        [
          "s",
          [
            "361:1:1"
          ],
          "string"
        ]
      ],
      "message": "",
      "instrumentationRanges": [
        "12823:18:0",
        "12855:217:0",
        "12962:54:0",
        "13034:23:0",
        "13123:65:0",
        "13206:46:0",
        "13085:213:0"
      ],
      "checkRanges": [
        "13089:14:0"
      ],
      "assertionRanges": [
        "13123:65:0",
        "13206:46:0",
        "13270:13:0"
      ]
    },
    {
      "id": 3,
      "contract": "Foo",
      "filename": "test/multifile_samples/forall_maps/child.sol",
      "propertySource": "469:66:1",
      "annotationSource": "457:79:1",
      "annotationText": "if_succeeds forall (string memory s in d) forall (uint8 k in d[s]) d[s][k] > 0;",
      "target": "function",
      "type": "if_succeeds",
      "targetName": "setD",
      "debugEventEncoding": [
        [
          "s",
          [
            "520:1:1",
            "526:1:1"
          ],
          "string"
        ],
        [
          "k",
          [
            "529:1:1"
          ],
          "uint8"
        ]
      ],
      "message": "",
      "instrumentationRanges": [
        "13588:18:0",
        "13620:608:0",
        "13725:18:0",
        "13761:369:0",
        "13970:96:0",
        "14088:23:0",
        "14147:25:0",
        "14190:23:0",
        "14279:72:0",
        "14369:46:0",
        "14241:220:0"
      ],
      "checkRanges": [
        "14245:14:0"
      ],
      "assertionRanges": [
        "14279:72:0",
        "14369:46:0",
        "14433:13:0"
      ]
    },
    {
      "id": 4,
      "contract": "Foo",
      "filename": "test/multifile_samples/forall_maps/child.sol",
      "propertySource": "647:36:1",
      "annotationSource": "635:49:1",
      "annotationText": "if_succeeds forall (uint k in e) e[k].length > 0;",
      "target": "function",
      "type": "if_succeeds",
      "targetName": "setE",
      "debugEventEncoding": [
        [
          "k",
          [
            "670:1:1"
          ],
          "uint256"
        ]
      ],
      "message": "",
      "instrumentationRanges": [
        "14792:18:0",
        "14824:225:0",
        "14929:64:0",
        "15011:23:0",
        "15100:65:0",
        "15183:46:0",
        "15062:213:0"
      ],
      "checkRanges": [
        "15066:14:0"
      ],
      "assertionRanges": [
        "15100:65:0",
        "15183:46:0",
        "15247:13:0"
      ]
    },
    {
      "id": 5,
      "contract": "Foo",
      "filename": "test/multifile_samples/forall_maps/child.sol",
      "propertySource": "837:32:1",
      "annotationSource": "825:45:1",
      "annotationText": "if_succeeds forall (uint i in f) f[i][0] > 0;",
      "target": "function",
      "type": "if_succeeds",
      "targetName": "setF",
      "debugEventEncoding": [
        [
          "i",
          [
            "860:1:1"
          ],
          "uint256"
        ]
      ],
      "message": "",
      "instrumentationRanges": [
        "15615:18:0",
        "15647:146:0",
        "15708:29:0",
        "15755:23:0",
        "15844:65:0",
        "15927:46:0",
        "15806:213:0"
      ],
      "checkRanges": [
        "15810:14:0"
      ],
      "assertionRanges": [
        "15844:65:0",
        "15927:46:0",
        "15991:13:0"
      ]
    },
    {
      "id": 6,
      "contract": "Foo",
      "filename": "test/multifile_samples/forall_maps/child.sol",
      "propertySource": "1026:35:1",
      "annotationSource": "1014:48:1",
      "annotationText": "if_succeeds forall (uint k in g[i]) g[i][k] > 0;",
      "target": "function",
      "type": "if_succeeds",
      "targetName": "setG",
      "debugEventEncoding": [
        [
          "i",
          [
            "1046:1:1",
            "1052:1:1"
          ],
          "uint256"
        ],
        [
          "k",
          [
            "1055:1:1"
          ],
          "uint256"
        ]
      ],
      "message": "",
      "instrumentationRanges": [
        "16331:18:0",
        "16363:223:0",
        "16474:56:0",
        "16548:23:0",
        "16637:68:0",
        "16723:46:0",
        "16599:216:0"
      ],
      "checkRanges": [
        "16603:14:0"
      ],
      "assertionRanges": [
        "16637:68:0",
        "16723:46:0",
        "16787:13:0"
      ]
    },
    {
      "id": 7,
      "contract": "Foo",
      "filename": "test/multifile_samples/forall_maps/child.sol",
      "propertySource": "1163:41:1",
      "annotationSource": "1151:54:1",
      "annotationText": "if_succeeds forall (string memory s in h) h[s][0] > 0;",
      "target": "function",
      "type": "if_succeeds",
      "targetName": "setH",
      "debugEventEncoding": [
        [
          "s",
          [
            "1195:1:1"
          ],
          "string"
        ]
      ],
      "message": "",
      "instrumentationRanges": [
        "17108:18:0",
        "17140:230:0",
        "17245:69:0",
        "17332:23:0",
        "17421:65:0",
        "17504:46:0",
        "17383:213:0"
      ],
      "checkRanges": [
        "17387:14:0"
      ],
      "assertionRanges": [
        "17421:65:0",
        "17504:46:0",
        "17568:13:0"
      ]
    },
    {
      "id": 8,
      "contract": "Foo",
      "filename": "test/multifile_samples/forall_maps/child.sol",
      "propertySource": "1316:36:1",
      "annotationSource": "1304:49:1",
      "annotationText": "if_succeeds forall (uint8 x in i[s]) i[s][x] > 0;",
      "target": "function",
      "type": "if_succeeds",
      "targetName": "setI",
      "debugEventEncoding": [
        [
          "s",
          [
            "1337:1:1",
            "1343:1:1"
          ],
          "string"
        ],
        [
          "x",
          [
            "1346:1:1"
          ],
          "uint8"
        ]
      ],
      "message": "",
      "instrumentationRanges": [
        "17917:18:0",
        "17949:218:0",
        "18060:51:0",
        "18129:23:0",
        "18218:68:0",
        "18304:46:0",
        "18180:216:0"
      ],
      "checkRanges": [
        "18184:14:0"
      ],
      "assertionRanges": [
        "18218:68:0",
        "18304:46:0",
        "18368:13:0"
      ]
    },
    {
      "id": 9,
      "contract": "Foo",
      "filename": "test/multifile_samples/forall_maps/child.sol",
      "propertySource": "1523:60:1",
      "annotationSource": "1511:73:1",
      "annotationText": "if_succeeds forall (string memory s in j.sas[saI].m) j.sas[saI].m[s] > 0;",
      "target": "function",
      "type": "if_succeeds",
      "targetName": "setJ",
      "debugEventEncoding": [
        [
          "saI",
          [
            "1556:3:1",
            "1570:3:1"
          ],
          "uint256"
        ],
        [
          "s",
          [
            "1577:1:1"
          ],
          "string"
        ]
      ],
      "message": "",
      "instrumentationRanges": [
        "18756:19:0",
        "18789:252:0",
        "18920:64:0",
        "19002:24:0",
        "19093:70:0",
        "19181:46:0",
        "19054:219:0"
      ],
      "checkRanges": [
        "19058:15:0"
      ],
      "assertionRanges": [
        "19093:70:0",
        "19181:46:0",
        "19245:13:0"
      ]
    },
    {
      "id": 10,
      "contract": "Foo",
      "filename": "test/multifile_samples/forall_maps/child.sol",
      "propertySource": "1704:80:1",
      "annotationSource": "1692:93:1",
      "annotationText": "if_succeeds forall(uint i in j.sas) forall (string memory s in j.sas[i].m) j.sas[i].m[s] > 0;",
      "target": "function",
      "type": "if_succeeds",
      "targetName": "setJ2",
      "debugEventEncoding": [
        [
          "i",
          [
            "1761:1:1",
            "1773:1:1"
          ],
          "uint256"
        ],
        [
          "s",
          [
            "1778:1:1"
          ],
          "string"
        ]
      ],
      "message": "",
      "instrumentationRanges": [
        "19590:19:0",
        "19623:483:0",
        "19691:19:0",
        "19728:277:0",
        "19873:67:0",
        "19962:24:0",
        "20022:27:0",
        "20067:24:0",
        "20158:74:0",
        "20250:47:0",
        "20119:224:0"
      ],
      "checkRanges": [
        "20123:15:0"
      ],
      "assertionRanges": [
        "20158:74:0",
        "20250:47:0",
        "20315:13:0"
      ]
    }
  ],
  "originalSourceList": [
    "test/multifile_samples/forall_maps/base.sol",
    "test/multifile_samples/forall_maps/child.sol"
  ],
  "instrSourceList": [
    "--"
  ],
  "scribbleVersion": "0.6.17"
}