{
  "instrToOriginalMap": [
    [
      "1445:3322:0",
      "24:977:0"
    ],
    [
      "1494:24:0",
      "61:15:0"
    ],
    [
      "1494:6:0",
      "61:6:0"
    ],
    [
      "1494:4:0",
      "61:4:0"
    ],
    [
      "1514:4:0",
      "72:4:0"
    ],
    [
      "1515:2:0",
      "73:2:0"
    ],
    [
      "1524:17:0",
      "82:8:0"
    ],
    [
      "1524:6:0",
      "82:6:0"
    ],
    [
      "1524:4:0",
      "82:4:0"
    ],
    [
      "1930:71:0",
      "166:56:0"
    ],
    [
      "1958:8:0",
      "180:8:0"
    ],
    [
      "1959:6:0",
      "181:6:0"
    ],
    [
      "1959:4:0",
      "181:4:0"
    ],
    [
      "1975:26:0",
      "196:26:0"
    ],
    [
      "1985:9:0",
      "206:9:0"
    ],
    [
      "1985:9:0",
      "206:9:0"
    ],
    [
      "1985:6:0",
      "206:6:0"
    ],
    [
      "1985:1:0",
      "206:1:0"
    ],
    [
      "1992:1:0",
      "213:1:0"
    ],
    [
      "2398:77:0",
      "297:62:0"
    ],
    [
      "2425:16:0",
      "310:16:0"
    ],
    [
      "2426:6:0",
      "311:6:0"
    ],
    [
      "2426:4:0",
      "311:4:0"
    ],
    [
      "2434:6:0",
      "319:6:0"
    ],
    [
      "2434:4:0",
      "319:4:0"
    ],
    [
      "2450:25:0",
      "334:25:0"
    ],
    [
      "2460:8:0",
      "344:8:0"
    ],
    [
      "2460:8:0",
      "344:8:0"
    ],
    [
      "2460:4:0",
      "344:4:0"
    ],
    [
      "2460:1:0",
      "344:1:0"
    ],
    [
      "2462:1:0",
      "346:1:0"
    ],
    [
      "2467:1:0",
      "351:1:0"
    ],
    [
      "2860:71:0",
      "435:56:0"
    ],
    [
      "2888:8:0",
      "449:8:0"
    ],
    [
      "2889:6:0",
      "450:6:0"
    ],
    [
      "2889:4:0",
      "450:4:0"
    ],
    [
      "2905:26:0",
      "465:26:0"
    ],
    [
      "2915:9:0",
      "475:9:0"
    ],
    [
      "2915:9:0",
      "475:9:0"
    ],
    [
      "2915:6:0",
      "475:6:0"
    ],
    [
      "2915:1:0",
      "475:1:0"
    ],
    [
      "2922:1:0",
      "482:1:0"
    ],
    [
      "3325:77:0",
      "567:62:0"
    ],
    [
      "3352:16:0",
      "580:16:0"
    ],
    [
      "3353:6:0",
      "581:6:0"
    ],
    [
      "3353:4:0",
      "581:4:0"
    ],
    [
      "3361:6:0",
      "589:6:0"
    ],
    [
      "3361:4:0",
      "589:4:0"
    ],
    [
      "3377:25:0",
      "604:25:0"
    ],
    [
      "3387:8:0",
      "614:8:0"
    ],
    [
      "3387:8:0",
      "614:8:0"
    ],
    [
      "3387:4:0",
      "614:4:0"
    ],
    [
      "3387:1:0",
      "614:1:0"
    ],
    [
      "3389:1:0",
      "616:1:0"
    ],
    [
      "3394:1:0",
      "621:1:0"
    ],
    [
      "3799:58:0",
      "710:48:0"
    ],
    [
      "3828:18:0",
      "725:18:0"
    ],
    [
      "3829:16:0",
      "726:16:0"
    ],
    [
      "3829:7:0",
      "726:7:0"
    ],
    [
      "3829:5:0",
      "726:5:0"
    ],
    [
      "3855:2:0",
      "751:7:0"
    ],
    [
      "4272:65:0",
      "834:57:0"
    ],
    [
      "4306:20:0",
      "854:20:0"
    ],
    [
      "4307:18:0",
      "855:18:0"
    ],
    [
      "4307:7:0",
      "855:7:0"
    ],
    [
      "4307:5:0",
      "855:5:0"
    ],
    [
      "4335:2:0",
      "884:7:0"
    ],
    [
      "4699:66:0",
      "941:58:0"
    ],
    [
      "4735:19:0",
      "963:19:0"
    ],
    [
      "4736:17:0",
      "964:17:0"
    ],
    [
      "4736:6:0",
      "964:6:0"
    ],
    [
      "4736:4:0",
      "964:4:0"
    ],
    [
      "4763:2:0",
      "992:7:0"
    ],
    [
      "1648:107:0",
      "102:59:0"
    ],
    [
      "2116:107:0",
      "233:59:0"
    ],
    [
      "2581:104:0",
      "370:60:0"
    ],
    [
      "3046:104:0",
      "502:60:0"
    ],
    [
      "3520:104:0",
      "645:60:0"
    ],
    [
      "3989:108:0",
      "769:60:0"
    ],
    [
      "4472:52:0",
      "902:34:0"
    ]
  ],
  "otherInstrumentation": [
    "342:38:0",
    "1588:22:0",
    "503:113:0",
    "490:11:0",
    "1651:40:0",
    "1705:40:0",
    "2054:24:0",
    "2119:40:0",
    "2173:40:0",
    "2521:22:0",
    "706:113:0",
    "694:10:0",
    "2584:37:0",
    "2638:37:0",
    "2984:24:0",
    "3049:37:0",
    "3103:37:0",
    "3459:23:0",
    "909:113:0",
    "897:10:0",
    "3523:37:0",
    "3577:37:0",
    "3923:28:0",
    "1116:113:0",
    "1104:10:0",
    "3992:39:0",
    "4048:39:0",
    "4404:30:0",
    "1328:113:0",
    "1315:11:0",
    "4474:41:0"
  ],
  "propertyMap": [
    {
      "id": 0,
      "contract": "Foo",
      "filename": "test/multifile_samples/arr_sum/main.sol",
      "propertySource": "114:46:0",
      "annotationSource": "102:59:0",
      "target": "function",
      "type": "if_succeeds",
      "targetName": "pushA",
      "debugEventEncoding": [
        [
          [
            "128:1:0",
            "153:1:0"
          ],
          "uint256[] storage"
        ]
      ],
      "message": "",
      "instrumentationRanges": [
        "1820:42:0",
        "1775:27:0",
        "1644:264:0"
      ],
      "checkRanges": [
        "1648:107:0"
      ],
      "assertionRanges": [
        "1775:27:0",
        "1820:42:0",
        "1880:13:0"
      ]
    },
    {
      "id": 1,
      "contract": "Foo",
      "filename": "test/multifile_samples/arr_sum/main.sol",
      "propertySource": "245:46:0",
      "annotationSource": "233:59:0",
      "target": "function",
      "type": "if_succeeds",
      "targetName": "setA",
      "debugEventEncoding": [
        [
          [
            "259:1:0",
            "284:1:0"
          ],
          "uint256[] storage"
        ]
      ],
      "message": "",
      "instrumentationRanges": [
        "2288:42:0",
        "2243:27:0",
        "2112:264:0"
      ],
      "checkRanges": [
        "2116:107:0"
      ],
      "assertionRanges": [
        "2243:27:0",
        "2288:42:0",
        "2348:13:0"
      ]
    },
    {
      "id": 2,
      "contract": "Foo",
      "filename": "test/multifile_samples/arr_sum/main.sol",
      "propertySource": "382:47:0",
      "annotationSource": "370:60:0",
      "target": "function",
      "type": "if_succeeds",
      "targetName": "pushB",
      "debugEventEncoding": [
        [
          [
            "396:1:0",
            "422:1:0"
          ],
          "int8[] storage"
        ]
      ],
      "message": "",
      "instrumentationRanges": [
        "2750:42:0",
        "2705:27:0",
        "2577:261:0"
      ],
      "checkRanges": [
        "2581:104:0"
      ],
      "assertionRanges": [
        "2705:27:0",
        "2750:42:0",
        "2810:13:0"
      ]
    },
    {
      "id": 3,
      "contract": "Foo",
      "filename": "test/multifile_samples/arr_sum/main.sol",
      "propertySource": "514:47:0",
      "annotationSource": "502:60:0",
      "target": "function",
      "type": "if_succeeds",
      "targetName": "setB",
      "debugEventEncoding": [
        [
          [
            "528:1:0",
            "554:1:0"
          ],
          "int8[] storage"
        ]
      ],
      "message": "",
      "instrumentationRanges": [
        "3215:42:0",
        "3170:27:0",
        "3042:261:0"
      ],
      "checkRanges": [
        "3046:104:0"
      ],
      "assertionRanges": [
        "3170:27:0",
        "3215:42:0",
        "3275:13:0"
      ]
    },
    {
      "id": 4,
      "contract": "Foo",
      "filename": "test/multifile_samples/arr_sum/main.sol",
      "propertySource": "657:47:0",
      "annotationSource": "645:60:0",
      "target": "function",
      "type": "if_succeeds",
      "targetName": "memArr",
      "debugEventEncoding": [
        [
          [
            "671:1:0",
            "697:1:0"
          ],
          "int16[] memory"
        ]
      ],
      "message": "",
      "instrumentationRanges": [
        "3689:42:0",
        "3644:27:0",
        "3516:261:0"
      ],
      "checkRanges": [
        "3520:104:0"
      ],
      "assertionRanges": [
        "3644:27:0",
        "3689:42:0",
        "3749:13:0"
      ]
    },
    {
      "id": 5,
      "contract": "Foo",
      "filename": "test/multifile_samples/arr_sum/main.sol",
      "propertySource": "781:47:0",
      "annotationSource": "769:60:0",
      "target": "function",
      "type": "if_succeeds",
      "targetName": "calldataArr",
      "debugEventEncoding": [
        [
          [
            "795:1:0",
            "821:1:0"
          ],
          "int16[] calldata"
        ]
      ],
      "message": "",
      "instrumentationRanges": [
        "4162:42:0",
        "4117:27:0",
        "3985:265:0"
      ],
      "checkRanges": [
        "3989:108:0"
      ],
      "assertionRanges": [
        "4117:27:0",
        "4162:42:0",
        "4222:13:0"
      ]
    },
    {
      "id": 6,
      "contract": "Foo",
      "filename": "test/multifile_samples/arr_sum/main.sol",
      "propertySource": "914:21:0",
      "annotationSource": "902:34:0",
      "target": "function",
      "type": "if_succeeds",
      "targetName": "overflowCheck",
      "debugEventEncoding": [
        [
          [
            "928:1:0"
          ],
          "uint256[] calldata"
        ]
      ],
      "message": "",
      "instrumentationRanges": [
        "4589:42:0",
        "4544:27:0",
        "4468:209:0"
      ],
      "checkRanges": [
        "4472:52:0"
      ],
      "assertionRanges": [
        "4544:27:0",
        "4589:42:0",
        "4649:13:0"
      ]
    }
  ],
  "originalSourceList": [
    "test/multifile_samples/arr_sum/main.sol"
  ],
  "instrSourceList": [
    "--"
  ]
}
